../Core/Src/main.c:124:6:HAL_UART_RxCpltCallback	16	static
../Core/Src/main.c:141:6:step_once_non_blocking	8	static
../Core/Src/main.c:151:6:HAL_TIM_OC_DelayElapsedCallback	16	static
../Core/Src/main.c:161:6:SetPosition	16	static
../Core/Src/main.c:167:6:SetSpeed	16	static
../Core/Src/main.c:175:6:ParameterRegister	8	static
../Core/Src/main.c:182:6:set_stepper	8	static
../Core/Src/main.c:188:6:step_once	8	static
../Core/Src/main.c:195:6:move_stepper_degrees	24	static
../Core/Src/main.c:205:5:strtoint	24	static
../Core/Src/main.c:224:6:BluetoothManager	16	static
../Core/Src/main.c:262:6:ReadADC	16	static
../Core/Src/main.c:270:6:Change_VoltGrados	16	static
../Core/Src/main.c:274:6:Change_GradosVolt	16	static
../Core/Src/main.c:278:6:Change_DigVolt	16	static
../Core/Src/main.c:282:6:ControlPD	32	static
../Core/Src/main.c:322:6:FeedBackMotor	16	static
../Core/Src/main.c:334:10:angle_to_pwm	24	static
../Core/Src/main.c:340:6:EjecutarCinematica	56	static
../Core/Src/main.c:365:5:main	8	static
../Core/Src/main.c:474:6:SystemClock_Config	88	static
../Core/Src/main.c:521:13:MX_ADC1_Init	24	static
../Core/Src/main.c:573:13:MX_I2C1_Init	8	static
../Core/Src/main.c:607:13:MX_TIM1_Init	80	static
../Core/Src/main.c:672:13:MX_TIM2_Init	48	static
../Core/Src/main.c:721:13:MX_TIM3_Init	48	static
../Core/Src/main.c:770:13:MX_TIM4_Init	48	static
../Core/Src/main.c:819:13:MX_USART6_UART_Init	8	static
../Core/Src/main.c:852:13:MX_GPIO_Init	48	static
../Core/Src/main.c:920:6:Error_Handler	4	static,ignoring_inline_asm
