../Core/Src/main.c:147:6:HAL_UART_RxCpltCallback	16	static
../Core/Src/main.c:165:10:media	24	static
../Core/Src/main.c:204:6:HAL_TIM_OC_DelayElapsedCallback	16	static
../Core/Src/main.c:214:10:readADC	24	static
../Core/Src/main.c:226:6:SetPosition	16	static
../Core/Src/main.c:231:6:step_once_non_blocking	8	static
../Core/Src/main.c:244:6:ParameterRegister	8	static
../Core/Src/main.c:251:6:set_stepper	8	static
../Core/Src/main.c:257:6:step_once	8	static
../Core/Src/main.c:264:6:move_stepper_degrees	24	static
../Core/Src/main.c:274:5:strtoint	24	static
../Core/Src/main.c:296:6:BufferCleaner	16	static
../Core/Src/main.c:301:6:PositionManager	24	static
../Core/Src/main.c:333:6:GeneralMoveMotor	24	static
../Core/Src/main.c:344:6:BluetoothAction	8	static
../Core/Src/main.c:444:6:BluetoothSetter	8	static
../Core/Src/main.c:452:6:ReadADC	8	static
../Core/Src/main.c:465:6:Change_DigVolt	16	static
../Core/Src/main.c:469:6:Change_AngVolt	16	static
../Core/Src/main.c:473:6:ControlPID	48	static
../Core/Src/main.c:521:6:FeedBackMotor	8	static
../Core/Src/main.c:538:10:angle_to_pwm	24	static
../Core/Src/main.c:544:6:EjecutarCinematica	56	static
../Core/Src/main.c:578:5:main	8	static
../Core/Src/main.c:694:6:SystemClock_Config	88	static
../Core/Src/main.c:741:13:MX_ADC1_Init	40	static
../Core/Src/main.c:804:13:MX_ADC2_Init	24	static
../Core/Src/main.c:854:13:MX_I2C1_Init	8	static
../Core/Src/main.c:888:13:MX_TIM1_Init	80	static
../Core/Src/main.c:953:13:MX_TIM2_Init	48	static
../Core/Src/main.c:1002:13:MX_TIM3_Init	48	static
../Core/Src/main.c:1051:13:MX_TIM4_Init	48	static
../Core/Src/main.c:1100:13:MX_USART6_UART_Init	8	static
../Core/Src/main.c:1133:13:MX_GPIO_Init	48	static
../Core/Src/main.c:1191:6:Error_Handler	4	static,ignoring_inline_asm
