../Core/Src/main.c:145:6:HAL_UART_RxCpltCallback	16	static
../Core/Src/main.c:186:6:step_once_non_blocking	8	static
../Core/Src/main.c:196:6:HAL_TIM_OC_DelayElapsedCallback	16	static
../Core/Src/main.c:206:6:SetPosition	16	static
../Core/Src/main.c:212:6:SetSpeed	16	static
../Core/Src/main.c:220:6:ParameterRegister	8	static
../Core/Src/main.c:227:6:set_stepper	8	static
../Core/Src/main.c:233:6:step_once	8	static
../Core/Src/main.c:240:6:move_stepper_degrees	24	static
../Core/Src/main.c:250:5:strtoint	24	static
../Core/Src/main.c:272:6:BufferCleaner	16	static
../Core/Src/main.c:277:6:PositionManager	24	static
../Core/Src/main.c:309:6:GeneralMoveMotor	24	static
../Core/Src/main.c:320:6:BluetoothAction	8	static
../Core/Src/main.c:420:6:BluetoothSetter	8	static
../Core/Src/main.c:505:10:angle_to_pwm	24	static
../Core/Src/main.c:511:6:EjecutarCinematica	56	static
../Core/Src/main.c:545:5:main	8	static
../Core/Src/main.c:667:6:SystemClock_Config	88	static
../Core/Src/main.c:714:13:MX_ADC1_Init	24	static
../Core/Src/main.c:766:13:MX_ADC2_Init	24	static
../Core/Src/main.c:818:13:MX_I2C1_Init	8	static
../Core/Src/main.c:852:13:MX_TIM1_Init	80	static
../Core/Src/main.c:917:13:MX_TIM2_Init	48	static
../Core/Src/main.c:966:13:MX_TIM3_Init	48	static
../Core/Src/main.c:1015:13:MX_TIM4_Init	48	static
../Core/Src/main.c:1064:13:MX_USART6_UART_Init	8	static
../Core/Src/main.c:1097:13:MX_GPIO_Init	48	static
../Core/Src/main.c:1155:6:Error_Handler	4	static,ignoring_inline_asm
