../Core/Src/main.c:76:6:HAL_UART_RxCpltCallback	16	static
../Core/Src/main.c:95:6:BluetoothManager	8	static
../Core/Src/main.c:110:6:SetPosition	16	static
../Core/Src/main.c:116:6:SetSpeed	16	static
../Core/Src/main.c:130:5:main	8	static
../Core/Src/main.c:199:6:SystemClock_Config	88	static
../Core/Src/main.c:246:13:MX_TIM1_Init	80	static
../Core/Src/main.c:311:13:MX_TIM2_Init	48	static
../Core/Src/main.c:360:13:MX_TIM3_Init	48	static
../Core/Src/main.c:409:13:MX_USART6_UART_Init	8	static
../Core/Src/main.c:442:13:MX_GPIO_Init	48	static
../Core/Src/main.c:507:6:Error_Handler	4	static,ignoring_inline_asm
