../Core/Src/main.c:89:6:HAL_UART_RxCpltCallback	16	static
../Core/Src/main.c:106:6:step_once_non_blocking	8	static
../Core/Src/main.c:116:6:HAL_TIM_OC_DelayElapsedCallback	16	static
../Core/Src/main.c:126:6:SetPosition	16	static
../Core/Src/main.c:132:6:SetSpeed	16	static
../Core/Src/main.c:140:6:ParameterRegister	8	static
../Core/Src/main.c:147:6:set_stepper	8	static
../Core/Src/main.c:153:6:step_once	8	static
../Core/Src/main.c:160:6:move_stepper_degrees	24	static
../Core/Src/main.c:170:5:strtoint	24	static
../Core/Src/main.c:189:6:BluetoothManager	16	static
../Core/Src/main.c:233:5:main	8	static
../Core/Src/main.c:337:6:SystemClock_Config	88	static
../Core/Src/main.c:384:13:MX_I2C1_Init	8	static
../Core/Src/main.c:418:13:MX_TIM1_Init	80	static
../Core/Src/main.c:483:13:MX_TIM2_Init	48	static
../Core/Src/main.c:532:13:MX_TIM3_Init	48	static
../Core/Src/main.c:581:13:MX_TIM4_Init	48	static
../Core/Src/main.c:630:13:MX_USART6_UART_Init	8	static
../Core/Src/main.c:663:13:MX_GPIO_Init	48	static
../Core/Src/main.c:731:6:Error_Handler	4	static,ignoring_inline_asm
