../Core/Src/main.c:86:6:HAL_UART_RxCpltCallback	16	static
../Core/Src/main.c:104:6:step_once_non_blocking	8	static
../Core/Src/main.c:114:6:HAL_TIM_OC_DelayElapsedCallback	16	static
../Core/Src/main.c:124:6:BluetoothManager	8	static
../Core/Src/main.c:139:6:SetPosition	16	static
../Core/Src/main.c:145:6:SetSpeed	16	static
../Core/Src/main.c:153:6:ParameterRegister	8	static
../Core/Src/main.c:160:6:set_stepper	8	static
../Core/Src/main.c:166:6:step_once	8	static
../Core/Src/main.c:173:6:move_stepper_degrees	24	static
../Core/Src/main.c:190:5:main	8	static
../Core/Src/main.c:281:6:SystemClock_Config	88	static
../Core/Src/main.c:328:13:MX_I2C1_Init	8	static
../Core/Src/main.c:362:13:MX_TIM1_Init	80	static
../Core/Src/main.c:427:13:MX_TIM2_Init	48	static
../Core/Src/main.c:476:13:MX_TIM3_Init	48	static
../Core/Src/main.c:525:13:MX_TIM4_Init	48	static
../Core/Src/main.c:574:13:MX_USART6_UART_Init	8	static
../Core/Src/main.c:607:13:MX_GPIO_Init	48	static
../Core/Src/main.c:675:6:Error_Handler	4	static,ignoring_inline_asm
