../Core/Src/main.c:128:6:HAL_UART_RxCpltCallback	16	static
../Core/Src/main.c:146:6:step_once_non_blocking	8	static
../Core/Src/main.c:156:6:HAL_TIM_OC_DelayElapsedCallback	16	static
../Core/Src/main.c:166:6:SetPosition	16	static
../Core/Src/main.c:172:6:SetSpeed	16	static
../Core/Src/main.c:180:6:ParameterRegister	8	static
../Core/Src/main.c:187:6:set_stepper	8	static
../Core/Src/main.c:193:6:step_once	8	static
../Core/Src/main.c:200:6:move_stepper_degrees	24	static
../Core/Src/main.c:210:5:strtoint	24	static
../Core/Src/main.c:232:6:BufferCleaner	16	static
../Core/Src/main.c:237:6:PositionManager	24	static
../Core/Src/main.c:269:6:GeneralMoveMotor	24	static
../Core/Src/main.c:280:6:BluetoothAction	8	static
../Core/Src/main.c:380:6:BluetoothSetter	8	static
../Core/Src/main.c:388:6:ReadADC	16	static
../Core/Src/main.c:396:6:Change_VoltGrados	16	static
../Core/Src/main.c:400:6:Change_GradosVolt	16	static
../Core/Src/main.c:404:6:Change_DigVolt	16	static
../Core/Src/main.c:408:6:ControlPD	32	static
../Core/Src/main.c:448:6:FeedBackMotor	16	static
../Core/Src/main.c:460:10:angle_to_pwm	24	static
../Core/Src/main.c:466:6:EjecutarCinematica	56	static
../Core/Src/main.c:500:5:main	8	static
../Core/Src/main.c:598:6:SystemClock_Config	88	static
../Core/Src/main.c:645:13:MX_ADC1_Init	24	static
../Core/Src/main.c:697:13:MX_I2C1_Init	8	static
../Core/Src/main.c:731:13:MX_TIM1_Init	80	static
../Core/Src/main.c:796:13:MX_TIM2_Init	48	static
../Core/Src/main.c:845:13:MX_TIM3_Init	48	static
../Core/Src/main.c:894:13:MX_TIM4_Init	48	static
../Core/Src/main.c:943:13:MX_USART6_UART_Init	8	static
../Core/Src/main.c:976:13:MX_GPIO_Init	48	static
../Core/Src/main.c:1044:6:Error_Handler	4	static,ignoring_inline_asm
