../Core/Src/main.c:79:6:HAL_UART_RxCpltCallback	16	static
../Core/Src/main.c:98:6:BluetoothManager	8	static
../Core/Src/main.c:113:6:SetPosition	16	static
../Core/Src/main.c:119:6:SetSpeed	16	static
../Core/Src/main.c:127:6:ParameterRegister	8	static
../Core/Src/main.c:142:5:main	8	static
../Core/Src/main.c:213:6:SystemClock_Config	88	static
../Core/Src/main.c:260:13:MX_I2C1_Init	8	static
../Core/Src/main.c:294:13:MX_TIM1_Init	80	static
../Core/Src/main.c:359:13:MX_TIM2_Init	48	static
../Core/Src/main.c:408:13:MX_TIM3_Init	48	static
../Core/Src/main.c:457:13:MX_USART6_UART_Init	8	static
../Core/Src/main.c:490:13:MX_GPIO_Init	48	static
../Core/Src/main.c:555:6:Error_Handler	4	static,ignoring_inline_asm
