../Core/Src/main.c:121:6:HAL_UART_RxCpltCallback	16	static
../Core/Src/main.c:138:6:step_once_non_blocking	8	static
../Core/Src/main.c:148:6:HAL_TIM_OC_DelayElapsedCallback	16	static
../Core/Src/main.c:158:6:SetPosition	16	static
../Core/Src/main.c:164:6:SetSpeed	16	static
../Core/Src/main.c:172:6:ParameterRegister	8	static
../Core/Src/main.c:179:6:set_stepper	8	static
../Core/Src/main.c:185:6:step_once	8	static
../Core/Src/main.c:192:6:move_stepper_degrees	24	static
../Core/Src/main.c:202:5:strtoint	24	static
../Core/Src/main.c:221:6:BluetoothManager	16	static
../Core/Src/main.c:259:6:ReadADC	16	static
../Core/Src/main.c:267:6:Change_VoltGrados	16	static
../Core/Src/main.c:271:6:Change_GradosVolt	16	static
../Core/Src/main.c:275:6:Change_DigVolt	16	static
../Core/Src/main.c:279:6:ControlPD	32	static
../Core/Src/main.c:319:6:FeedBackMotor	24	static
../Core/Src/main.c:340:5:main	8	static
../Core/Src/main.c:451:6:SystemClock_Config	88	static
../Core/Src/main.c:498:13:MX_ADC1_Init	24	static
../Core/Src/main.c:550:13:MX_I2C1_Init	8	static
../Core/Src/main.c:584:13:MX_TIM1_Init	80	static
../Core/Src/main.c:649:13:MX_TIM2_Init	48	static
../Core/Src/main.c:698:13:MX_TIM3_Init	48	static
../Core/Src/main.c:747:13:MX_TIM4_Init	48	static
../Core/Src/main.c:796:13:MX_USART6_UART_Init	8	static
../Core/Src/main.c:829:13:MX_GPIO_Init	48	static
../Core/Src/main.c:897:6:Error_Handler	4	static,ignoring_inline_asm
