23:21:51 **** Incremental Build of configuration Debug for project BrazoExcavador ****
make -j4 all 
arm-none-eabi-gcc "../Core/Src/main.c" -mcpu=cortex-m4 -std=gnu11 -g3 -DDEBUG -DUSE_HAL_DRIVER -DSTM32F407xx -c -I../Core/Inc -I../Drivers/STM32F4xx_HAL_Driver/Inc -I../Drivers/STM32F4xx_HAL_Driver/Inc/Legacy -I../Drivers/CMSIS/Device/ST/STM32F4xx/Include -I../Drivers/CMSIS/Include -O0 -ffunction-sections -fdata-sections -Wall -fstack-usage -fcyclomatic-complexity -MMD -MP -MF"Core/Src/main.d" -MT"Core/Src/main.o" --specs=nano.specs -mfpu=fpv4-sp-d16 -mfloat-abi=hard -mthumb -o "Core/Src/main.o"
arm-none-eabi-gcc -o "BrazoExcavador.elf" @"objects.list"   -mcpu=cortex-m4 -T"C:\Users\Julio\Documents\GitHub\ROBOTICA - Trabajo\BrazoExcavador\STM32F407VGTX_FLASH.ld" --specs=nosys.specs -Wl,-Map="BrazoExcavador.map" -Wl,--gc-sections -static --specs=nano.specs -mfpu=fpv4-sp-d16 -mfloat-abi=hard -mthumb -Wl,--start-group -lc -lm -Wl,--end-group
Finished building target: BrazoExcavador.elf
 
arm-none-eabi-size  BrazoExcavador.elf 
arm-none-eabi-objdump -h -S BrazoExcavador.elf  > "BrazoExcavador.list"
   text	   data	    bss	    dec	    hex	filename
  17208	     12	   1964	  19184	   4af0	BrazoExcavador.elf
Finished building: default.size.stdout
 
Finished building: BrazoExcavador.list
 

23:21:53 Build Finished. 0 errors, 0 warnings. (took 2s.68ms)

