21:07:26 **** Incremental Build of configuration Debug for project BrazoExcavador ****
make -j4 all 
arm-none-eabi-gcc "../Core/Src/main.c" -mcpu=cortex-m4 -std=gnu11 -g3 -DDEBUG -DUSE_HAL_DRIVER -DSTM32F407xx -c -I../Core/Inc -I../Drivers/STM32F4xx_HAL_Driver/Inc -I../Drivers/STM32F4xx_HAL_Driver/Inc/Legacy -I../Drivers/CMSIS/Device/ST/STM32F4xx/Include -I../Drivers/CMSIS/Include -O0 -ffunction-sections -fdata-sections -Wall -fstack-usage -fcyclomatic-complexity -MMD -MP -MF"Core/Src/main.d" -MT"Core/Src/main.o" --specs=nano.specs -mfpu=fpv4-sp-d16 -mfloat-abi=hard -mthumb -o "Core/Src/main.o"
../Core/Src/main.c: In function 'BufferCleaner':
../Core/Src/main.c:234:52: warning: statement with no effect [-Wunused-value]
  234 |         for(uint8_t j=0; j<BUFFERSIZE; j++) readBuf[j];
      |                                             ~~~~~~~^~~
../Core/Src/main.c: In function 'FeedBackMotor':
../Core/Src/main.c:450:24: warning: pointer targets in passing argument 2 of 'ReadADC' differ in signedness [-Wpointer-sign]
  450 |         ReadADC(&hadc1,&lectura1_adc);
      |                        ^~~~~~~~~~~~~
      |                        |
      |                        volatile int32_t * {aka volatile long int *}
../Core/Src/main.c:388:58: note: expected 'volatile uint32_t *' {aka 'volatile long unsigned int *'} but argument is of type 'volatile int32_t *' {aka 'volatile long int *'}
  388 | void ReadADC(ADC_HandleTypeDef *hadc, volatile uint32_t *variable){
      |                                       ~~~~~~~~~~~~~~~~~~~^~~~~~~~
../Core/Src/main.c:451:24: warning: pointer targets in passing argument 2 of 'ReadADC' differ in signedness [-Wpointer-sign]
  451 |         ReadADC(&hadc1,&lectura2_adc);
      |                        ^~~~~~~~~~~~~
      |                        |
      |                        volatile int32_t * {aka volatile long int *}
../Core/Src/main.c:388:58: note: expected 'volatile uint32_t *' {aka 'volatile long unsigned int *'} but argument is of type 'volatile int32_t *' {aka 'volatile long int *'}
  388 | void ReadADC(ADC_HandleTypeDef *hadc, volatile uint32_t *variable){
      |                                       ~~~~~~~~~~~~~~~~~~~^~~~~~~~
../Core/Src/main.c:453:24: warning: pointer targets in passing argument 1 of 'Change_DigVolt' differ in signedness [-Wpointer-sign]
  453 |         Change_DigVolt(&lectura1_adc, &lectura1_volt);
      |                        ^~~~~~~~~~~~~
      |                        |
      |                        volatile int32_t * {aka volatile long int *}
../Core/Src/main.c:404:40: note: expected 'volatile uint32_t *' {aka 'volatile long unsigned int *'} but argument is of type 'volatile int32_t *' {aka 'volatile long int *'}
  404 | void Change_DigVolt(volatile uint32_t *adc_val, volatile  uint32_t *lectura){
      |                     ~~~~~~~~~~~~~~~~~~~^~~~~~~
../Core/Src/main.c:453:39: warning: pointer targets in passing argument 2 of 'Change_DigVolt' differ in signedness [-Wpointer-sign]
  453 |         Change_DigVolt(&lectura1_adc, &lectura1_volt);
      |                                       ^~~~~~~~~~~~~~
      |                                       |
      |                                       volatile int32_t * {aka volatile long int *}
../Core/Src/main.c:404:69: note: expected 'volatile uint32_t *' {aka 'volatile long unsigned int *'} but argument is of type 'volatile int32_t *' {aka 'volatile long int *'}
  404 | void Change_DigVolt(volatile uint32_t *adc_val, volatile  uint32_t *lectura){
      |                                                 ~~~~~~~~~~~~~~~~~~~~^~~~~~~
../Core/Src/main.c:454:24: warning: pointer targets in passing argument 1 of 'Change_DigVolt' differ in signedness [-Wpointer-sign]
  454 |         Change_DigVolt(&lectura2_adc, &lectura2_volt);
      |                        ^~~~~~~~~~~~~
      |                        |
      |                        volatile int32_t * {aka volatile long int *}
../Core/Src/main.c:404:40: note: expected 'volatile uint32_t *' {aka 'volatile long unsigned int *'} but argument is of type 'volatile int32_t *' {aka 'volatile long int *'}
  404 | void Change_DigVolt(volatile uint32_t *adc_val, volatile  uint32_t *lectura){
      |                     ~~~~~~~~~~~~~~~~~~~^~~~~~~
../Core/Src/main.c:454:39: warning: pointer targets in passing argument 2 of 'Change_DigVolt' differ in signedness [-Wpointer-sign]
  454 |         Change_DigVolt(&lectura2_adc, &lectura2_volt);
      |                                       ^~~~~~~~~~~~~~
      |                                       |
      |                                       volatile int32_t * {aka volatile long int *}
../Core/Src/main.c:404:69: note: expected 'volatile uint32_t *' {aka 'volatile long unsigned int *'} but argument is of type 'volatile int32_t *' {aka 'volatile long int *'}
  404 | void Change_DigVolt(volatile uint32_t *adc_val, volatile  uint32_t *lectura){
      |                                                 ~~~~~~~~~~~~~~~~~~~~^~~~~~~
../Core/Src/main.c: In function 'EjecutarCinematica':
../Core/Src/main.c:473:13: warning: implicit declaration of function 'fabs' [-Wimplicit-function-declaration]
  473 |         if (fabs(delta_theta1) > 1.0f) {
      |             ^~~~
../Core/Src/main.c:28:1: note: include '<math.h>' or provide a declaration of 'fabs'
   27 | #include "i2c-lcd.h"
  +++ |+#include <math.h>
   28 | /* USER CODE END Includes */
../Core/Src/main.c:473:13: warning: incompatible implicit declaration of built-in function 'fabs' [-Wbuiltin-declaration-mismatch]
  473 |         if (fabs(delta_theta1) > 1.0f) {
      |             ^~~~
../Core/Src/main.c:473:13: note: include '<math.h>' or provide a declaration of 'fabs'
arm-none-eabi-gcc -o "BrazoExcavador.elf" @"objects.list"   -mcpu=cortex-m4 -T"C:\Users\Julio\Documents\GitHub\ROBOTICA - Trabajo\BrazoExcavador\STM32F407VGTX_FLASH.ld" --specs=nosys.specs -Wl,-Map="BrazoExcavador.map" -Wl,--gc-sections -static --specs=nano.specs -mfpu=fpv4-sp-d16 -mfloat-abi=hard -mthumb -Wl,--start-group -lc -lm -Wl,--end-group
Finished building target: BrazoExcavador.elf
 
arm-none-eabi-size  BrazoExcavador.elf 
arm-none-eabi-objdump -h -S BrazoExcavador.elf  > "BrazoExcavador.list"
   text	   data	    bss	    dec	    hex	filename
  24000	     16	   2168	  26184	   6648	BrazoExcavador.elf
Finished building: default.size.stdout
 
Finished building: BrazoExcavador.list
 

21:07:29 Build Finished. 0 errors, 9 warnings. (took 3s.446ms)

