19:44:26 **** Incremental Build of configuration Debug for project BrazoExcavador ****
make -j4 all 
arm-none-eabi-gcc "../Core/Src/main.c" -mcpu=cortex-m4 -std=gnu11 -g3 -DDEBUG -DUSE_HAL_DRIVER -DSTM32F407xx -c -I../Core/Inc -I../Drivers/STM32F4xx_HAL_Driver/Inc -I../Drivers/STM32F4xx_HAL_Driver/Inc/Legacy -I../Drivers/CMSIS/Device/ST/STM32F4xx/Include -I../Drivers/CMSIS/Include -O0 -ffunction-sections -fdata-sections -Wall -fstack-usage -fcyclomatic-complexity -MMD -MP -MF"Core/Src/main.d" -MT"Core/Src/main.o" --specs=nano.specs -mfpu=fpv4-sp-d16 -mfloat-abi=hard -mthumb -o "Core/Src/main.o"
arm-none-eabi-gcc "../Core/Src/stm32f4xx_hal_msp.c" -mcpu=cortex-m4 -std=gnu11 -g3 -DDEBUG -DUSE_HAL_DRIVER -DSTM32F407xx -c -I../Core/Inc -I../Drivers/STM32F4xx_HAL_Driver/Inc -I../Drivers/STM32F4xx_HAL_Driver/Inc/Legacy -I../Drivers/CMSIS/Device/ST/STM32F4xx/Include -I../Drivers/CMSIS/Include -O0 -ffunction-sections -fdata-sections -Wall -fstack-usage -fcyclomatic-complexity -MMD -MP -MF"Core/Src/stm32f4xx_hal_msp.d" -MT"Core/Src/stm32f4xx_hal_msp.o" --specs=nano.specs -mfpu=fpv4-sp-d16 -mfloat-abi=hard -mthumb -o "Core/Src/stm32f4xx_hal_msp.o"
arm-none-eabi-gcc "../Core/Src/stm32f4xx_it.c" -mcpu=cortex-m4 -std=gnu11 -g3 -DDEBUG -DUSE_HAL_DRIVER -DSTM32F407xx -c -I../Core/Inc -I../Drivers/STM32F4xx_HAL_Driver/Inc -I../Drivers/STM32F4xx_HAL_Driver/Inc/Legacy -I../Drivers/CMSIS/Device/ST/STM32F4xx/Include -I../Drivers/CMSIS/Include -O0 -ffunction-sections -fdata-sections -Wall -fstack-usage -fcyclomatic-complexity -MMD -MP -MF"Core/Src/stm32f4xx_it.d" -MT"Core/Src/stm32f4xx_it.o" --specs=nano.specs -mfpu=fpv4-sp-d16 -mfloat-abi=hard -mthumb -o "Core/Src/stm32f4xx_it.o"
arm-none-eabi-gcc -o "BrazoExcavador.elf" @"objects.list"   -mcpu=cortex-m4 -T"C:\Users\Julio\Documents\GitHub\ROBOTICA - Trabajo\BrazoExcavador\STM32F407VGTX_FLASH.ld" --specs=nosys.specs -Wl,-Map="BrazoExcavador.map" -Wl,--gc-sections -static --specs=nano.specs -mfpu=fpv4-sp-d16 -mfloat-abi=hard -mthumb -Wl,--start-group -lc -lm -Wl,--end-group
Finished building target: BrazoExcavador.elf
 
arm-none-eabi-size  BrazoExcavador.elf 
arm-none-eabi-objdump -h -S BrazoExcavador.elf  > "BrazoExcavador.list"
   text	   data	    bss	    dec	    hex	filename
  17372	     12	   2036	  19420	   4bdc	BrazoExcavador.elf
Finished building: default.size.stdout
 
Finished building: BrazoExcavador.list
 
14:41:50 **** Incremental Build of configuration Debug for project BrazoExcavador ****
make -j4 all 
arm-none-eabi-size  BrazoExcavador.elf 
   text	   data	    bss	    dec	    hex	filename
  17372	     12	   2036	  19420	   4bdc	BrazoExcavador.elf
Finished building: default.size.stdout
 
14:42:33 **** Incremental Build of configuration Debug for project BrazoExcavador ****
make -j4 all 
arm-none-eabi-size  BrazoExcavador.elf 
   text	   data	    bss	    dec	    hex	filename
  17372	     12	   2036	  19420	   4bdc	BrazoExcavador.elf
Finished building: default.size.stdout
 
14:45:17 **** Incremental Build of configuration Debug for project BrazoExcavador ****
make -j4 all 
arm-none-eabi-gcc "../Core/Src/main.c" -mcpu=cortex-m4 -std=gnu11 -g3 -DDEBUG -DUSE_HAL_DRIVER -DSTM32F407xx -c -I../Core/Inc -I../Drivers/STM32F4xx_HAL_Driver/Inc -I../Drivers/STM32F4xx_HAL_Driver/Inc/Legacy -I../Drivers/CMSIS/Device/ST/STM32F4xx/Include -I../Drivers/CMSIS/Include -O0 -ffunction-sections -fdata-sections -Wall -fstack-usage -fcyclomatic-complexity -MMD -MP -MF"Core/Src/main.d" -MT"Core/Src/main.o" --specs=nano.specs -mfpu=fpv4-sp-d16 -mfloat-abi=hard -mthumb -o "Core/Src/main.o"
arm-none-eabi-gcc -o "BrazoExcavador.elf" @"objects.list"   -mcpu=cortex-m4 -T"C:\Users\Julio\Documents\GitHub\ROBOTICA - Trabajo\BrazoExcavador\STM32F407VGTX_FLASH.ld" --specs=nosys.specs -Wl,-Map="BrazoExcavador.map" -Wl,--gc-sections -static --specs=nano.specs -mfpu=fpv4-sp-d16 -mfloat-abi=hard -mthumb -Wl,--start-group -lc -lm -Wl,--end-group
Finished building target: BrazoExcavador.elf
 
arm-none-eabi-size  BrazoExcavador.elf 
arm-none-eabi-objdump -h -S BrazoExcavador.elf  > "BrazoExcavador.list"
   text	   data	    bss	    dec	    hex	filename
  17372	     12	   2036	  19420	   4bdc	BrazoExcavador.elf
Finished building: default.size.stdout
 
Finished building: BrazoExcavador.list
 
14:47:52 **** Incremental Build of configuration Debug for project BrazoExcavador ****
make -j4 all 
arm-none-eabi-gcc "../Core/Src/main.c" -mcpu=cortex-m4 -std=gnu11 -g3 -DDEBUG -DUSE_HAL_DRIVER -DSTM32F407xx -c -I../Core/Inc -I../Drivers/STM32F4xx_HAL_Driver/Inc -I../Drivers/STM32F4xx_HAL_Driver/Inc/Legacy -I../Drivers/CMSIS/Device/ST/STM32F4xx/Include -I../Drivers/CMSIS/Include -O0 -ffunction-sections -fdata-sections -Wall -fstack-usage -fcyclomatic-complexity -MMD -MP -MF"Core/Src/main.d" -MT"Core/Src/main.o" --specs=nano.specs -mfpu=fpv4-sp-d16 -mfloat-abi=hard -mthumb -o "Core/Src/main.o"
arm-none-eabi-gcc "../Core/Src/stm32f4xx_hal_msp.c" -mcpu=cortex-m4 -std=gnu11 -g3 -DDEBUG -DUSE_HAL_DRIVER -DSTM32F407xx -c -I../Core/Inc -I../Drivers/STM32F4xx_HAL_Driver/Inc -I../Drivers/STM32F4xx_HAL_Driver/Inc/Legacy -I../Drivers/CMSIS/Device/ST/STM32F4xx/Include -I../Drivers/CMSIS/Include -O0 -ffunction-sections -fdata-sections -Wall -fstack-usage -fcyclomatic-complexity -MMD -MP -MF"Core/Src/stm32f4xx_hal_msp.d" -MT"Core/Src/stm32f4xx_hal_msp.o" --specs=nano.specs -mfpu=fpv4-sp-d16 -mfloat-abi=hard -mthumb -o "Core/Src/stm32f4xx_hal_msp.o"
arm-none-eabi-gcc -o "BrazoExcavador.elf" @"objects.list"   -mcpu=cortex-m4 -T"C:\Users\Julio\Documents\GitHub\ROBOTICA - Trabajo\BrazoExcavador\STM32F407VGTX_FLASH.ld" --specs=nosys.specs -Wl,-Map="BrazoExcavador.map" -Wl,--gc-sections -static --specs=nano.specs -mfpu=fpv4-sp-d16 -mfloat-abi=hard -mthumb -Wl,--start-group -lc -lm -Wl,--end-group
Finished building target: BrazoExcavador.elf
 
arm-none-eabi-size  BrazoExcavador.elf 
arm-none-eabi-objdump -h -S BrazoExcavador.elf  > "BrazoExcavador.list"
   text	   data	    bss	    dec	    hex	filename
  17060	     12	   1964	  19036	   4a5c	BrazoExcavador.elf
Finished building: default.size.stdout
 
Finished building: BrazoExcavador.list
 
15:12:26 **** Incremental Build of configuration Debug for project BrazoExcavador ****
make -j4 all 
arm-none-eabi-gcc "../Drivers/STM32F4xx_HAL_Driver/Src/stm32f4xx_hal.c" -mcpu=cortex-m4 -std=gnu11 -g3 -DDEBUG -DUSE_HAL_DRIVER -DSTM32F407xx -c -I../Core/Inc -I../Drivers/STM32F4xx_HAL_Driver/Inc -I../Drivers/STM32F4xx_HAL_Driver/Inc/Legacy -I../Drivers/CMSIS/Device/ST/STM32F4xx/Include -I../Drivers/CMSIS/Include -O0 -ffunction-sections -fdata-sections -Wall -fstack-usage -fcyclomatic-complexity -MMD -MP -MF"Drivers/STM32F4xx_HAL_Driver/Src/stm32f4xx_hal.d" -MT"Drivers/STM32F4xx_HAL_Driver/Src/stm32f4xx_hal.o" --specs=nano.specs -mfpu=fpv4-sp-d16 -mfloat-abi=hard -mthumb -o "Drivers/STM32F4xx_HAL_Driver/Src/stm32f4xx_hal.o"
arm-none-eabi-gcc "../Drivers/STM32F4xx_HAL_Driver/Src/stm32f4xx_hal_cortex.c" -mcpu=cortex-m4 -std=gnu11 -g3 -DDEBUG -DUSE_HAL_DRIVER -DSTM32F407xx -c -I../Core/Inc -I../Drivers/STM32F4xx_HAL_Driver/Inc -I../Drivers/STM32F4xx_HAL_Driver/Inc/Legacy -I../Drivers/CMSIS/Device/ST/STM32F4xx/Include -I../Drivers/CMSIS/Include -O0 -ffunction-sections -fdata-sections -Wall -fstack-usage -fcyclomatic-complexity -MMD -MP -MF"Drivers/STM32F4xx_HAL_Driver/Src/stm32f4xx_hal_cortex.d" -MT"Drivers/STM32F4xx_HAL_Driver/Src/stm32f4xx_hal_cortex.o" --specs=nano.specs -mfpu=fpv4-sp-d16 -mfloat-abi=hard -mthumb -o "Drivers/STM32F4xx_HAL_Driver/Src/stm32f4xx_hal_cortex.o"
arm-none-eabi-gcc "../Drivers/STM32F4xx_HAL_Driver/Src/stm32f4xx_hal_dma.c" -mcpu=cortex-m4 -std=gnu11 -g3 -DDEBUG -DUSE_HAL_DRIVER -DSTM32F407xx -c -I../Core/Inc -I../Drivers/STM32F4xx_HAL_Driver/Inc -I../Drivers/STM32F4xx_HAL_Driver/Inc/Legacy -I../Drivers/CMSIS/Device/ST/STM32F4xx/Include -I../Drivers/CMSIS/Include -O0 -ffunction-sections -fdata-sections -Wall -fstack-usage -fcyclomatic-complexity -MMD -MP -MF"Drivers/STM32F4xx_HAL_Driver/Src/stm32f4xx_hal_dma.d" -MT"Drivers/STM32F4xx_HAL_Driver/Src/stm32f4xx_hal_dma.o" --specs=nano.specs -mfpu=fpv4-sp-d16 -mfloat-abi=hard -mthumb -o "Drivers/STM32F4xx_HAL_Driver/Src/stm32f4xx_hal_dma.o"
arm-none-eabi-gcc "../Drivers/STM32F4xx_HAL_Driver/Src/stm32f4xx_hal_dma_ex.c" -mcpu=cortex-m4 -std=gnu11 -g3 -DDEBUG -DUSE_HAL_DRIVER -DSTM32F407xx -c -I../Core/Inc -I../Drivers/STM32F4xx_HAL_Driver/Inc -I../Drivers/STM32F4xx_HAL_Driver/Inc/Legacy -I../Drivers/CMSIS/Device/ST/STM32F4xx/Include -I../Drivers/CMSIS/Include -O0 -ffunction-sections -fdata-sections -Wall -fstack-usage -fcyclomatic-complexity -MMD -MP -MF"Drivers/STM32F4xx_HAL_Driver/Src/stm32f4xx_hal_dma_ex.d" -MT"Drivers/STM32F4xx_HAL_Driver/Src/stm32f4xx_hal_dma_ex.o" --specs=nano.specs -mfpu=fpv4-sp-d16 -mfloat-abi=hard -mthumb -o "Drivers/STM32F4xx_HAL_Driver/Src/stm32f4xx_hal_dma_ex.o"
arm-none-eabi-gcc "../Drivers/STM32F4xx_HAL_Driver/Src/stm32f4xx_hal_exti.c" -mcpu=cortex-m4 -std=gnu11 -g3 -DDEBUG -DUSE_HAL_DRIVER -DSTM32F407xx -c -I../Core/Inc -I../Drivers/STM32F4xx_HAL_Driver/Inc -I../Drivers/STM32F4xx_HAL_Driver/Inc/Legacy -I../Drivers/CMSIS/Device/ST/STM32F4xx/Include -I../Drivers/CMSIS/Include -O0 -ffunction-sections -fdata-sections -Wall -fstack-usage -fcyclomatic-complexity -MMD -MP -MF"Drivers/STM32F4xx_HAL_Driver/Src/stm32f4xx_hal_exti.d" -MT"Drivers/STM32F4xx_HAL_Driver/Src/stm32f4xx_hal_exti.o" --specs=nano.specs -mfpu=fpv4-sp-d16 -mfloat-abi=hard -mthumb -o "Drivers/STM32F4xx_HAL_Driver/Src/stm32f4xx_hal_exti.o"
arm-none-eabi-gcc "../Drivers/STM32F4xx_HAL_Driver/Src/stm32f4xx_hal_flash.c" -mcpu=cortex-m4 -std=gnu11 -g3 -DDEBUG -DUSE_HAL_DRIVER -DSTM32F407xx -c -I../Core/Inc -I../Drivers/STM32F4xx_HAL_Driver/Inc -I../Drivers/STM32F4xx_HAL_Driver/Inc/Legacy -I../Drivers/CMSIS/Device/ST/STM32F4xx/Include -I../Drivers/CMSIS/Include -O0 -ffunction-sections -fdata-sections -Wall -fstack-usage -fcyclomatic-complexity -MMD -MP -MF"Drivers/STM32F4xx_HAL_Driver/Src/stm32f4xx_hal_flash.d" -MT"Drivers/STM32F4xx_HAL_Driver/Src/stm32f4xx_hal_flash.o" --specs=nano.specs -mfpu=fpv4-sp-d16 -mfloat-abi=hard -mthumb -o "Drivers/STM32F4xx_HAL_Driver/Src/stm32f4xx_hal_flash.o"
arm-none-eabi-gcc "../Drivers/STM32F4xx_HAL_Driver/Src/stm32f4xx_hal_flash_ex.c" -mcpu=cortex-m4 -std=gnu11 -g3 -DDEBUG -DUSE_HAL_DRIVER -DSTM32F407xx -c -I../Core/Inc -I../Drivers/STM32F4xx_HAL_Driver/Inc -I../Drivers/STM32F4xx_HAL_Driver/Inc/Legacy -I../Drivers/CMSIS/Device/ST/STM32F4xx/Include -I../Drivers/CMSIS/Include -O0 -ffunction-sections -fdata-sections -Wall -fstack-usage -fcyclomatic-complexity -MMD -MP -MF"Drivers/STM32F4xx_HAL_Driver/Src/stm32f4xx_hal_flash_ex.d" -MT"Drivers/STM32F4xx_HAL_Driver/Src/stm32f4xx_hal_flash_ex.o" --specs=nano.specs -mfpu=fpv4-sp-d16 -mfloat-abi=hard -mthumb -o "Drivers/STM32F4xx_HAL_Driver/Src/stm32f4xx_hal_flash_ex.o"
arm-none-eabi-gcc "../Drivers/STM32F4xx_HAL_Driver/Src/stm32f4xx_hal_flash_ramfunc.c" -mcpu=cortex-m4 -std=gnu11 -g3 -DDEBUG -DUSE_HAL_DRIVER -DSTM32F407xx -c -I../Core/Inc -I../Drivers/STM32F4xx_HAL_Driver/Inc -I../Drivers/STM32F4xx_HAL_Driver/Inc/Legacy -I../Drivers/CMSIS/Device/ST/STM32F4xx/Include -I../Drivers/CMSIS/Include -O0 -ffunction-sections -fdata-sections -Wall -fstack-usage -fcyclomatic-complexity -MMD -MP -MF"Drivers/STM32F4xx_HAL_Driver/Src/stm32f4xx_hal_flash_ramfunc.d" -MT"Drivers/STM32F4xx_HAL_Driver/Src/stm32f4xx_hal_flash_ramfunc.o" --specs=nano.specs -mfpu=fpv4-sp-d16 -mfloat-abi=hard -mthumb -o "Drivers/STM32F4xx_HAL_Driver/Src/stm32f4xx_hal_flash_ramfunc.o"
arm-none-eabi-gcc "../Drivers/STM32F4xx_HAL_Driver/Src/stm32f4xx_hal_gpio.c" -mcpu=cortex-m4 -std=gnu11 -g3 -DDEBUG -DUSE_HAL_DRIVER -DSTM32F407xx -c -I../Core/Inc -I../Drivers/STM32F4xx_HAL_Driver/Inc -I../Drivers/STM32F4xx_HAL_Driver/Inc/Legacy -I../Drivers/CMSIS/Device/ST/STM32F4xx/Include -I../Drivers/CMSIS/Include -O0 -ffunction-sections -fdata-sections -Wall -fstack-usage -fcyclomatic-complexity -MMD -MP -MF"Drivers/STM32F4xx_HAL_Driver/Src/stm32f4xx_hal_gpio.d" -MT"Drivers/STM32F4xx_HAL_Driver/Src/stm32f4xx_hal_gpio.o" --specs=nano.specs -mfpu=fpv4-sp-d16 -mfloat-abi=hard -mthumb -o "Drivers/STM32F4xx_HAL_Driver/Src/stm32f4xx_hal_gpio.o"
arm-none-eabi-gcc "../Drivers/STM32F4xx_HAL_Driver/Src/stm32f4xx_hal_i2c.c" -mcpu=cortex-m4 -std=gnu11 -g3 -DDEBUG -DUSE_HAL_DRIVER -DSTM32F407xx -c -I../Core/Inc -I../Drivers/STM32F4xx_HAL_Driver/Inc -I../Drivers/STM32F4xx_HAL_Driver/Inc/Legacy -I../Drivers/CMSIS/Device/ST/STM32F4xx/Include -I../Drivers/CMSIS/Include -O0 -ffunction-sections -fdata-sections -Wall -fstack-usage -fcyclomatic-complexity -MMD -MP -MF"Drivers/STM32F4xx_HAL_Driver/Src/stm32f4xx_hal_i2c.d" -MT"Drivers/STM32F4xx_HAL_Driver/Src/stm32f4xx_hal_i2c.o" --specs=nano.specs -mfpu=fpv4-sp-d16 -mfloat-abi=hard -mthumb -o "Drivers/STM32F4xx_HAL_Driver/Src/stm32f4xx_hal_i2c.o"
arm-none-eabi-gcc "../Drivers/STM32F4xx_HAL_Driver/Src/stm32f4xx_hal_i2c_ex.c" -mcpu=cortex-m4 -std=gnu11 -g3 -DDEBUG -DUSE_HAL_DRIVER -DSTM32F407xx -c -I../Core/Inc -I../Drivers/STM32F4xx_HAL_Driver/Inc -I../Drivers/STM32F4xx_HAL_Driver/Inc/Legacy -I../Drivers/CMSIS/Device/ST/STM32F4xx/Include -I../Drivers/CMSIS/Include -O0 -ffunction-sections -fdata-sections -Wall -fstack-usage -fcyclomatic-complexity -MMD -MP -MF"Drivers/STM32F4xx_HAL_Driver/Src/stm32f4xx_hal_i2c_ex.d" -MT"Drivers/STM32F4xx_HAL_Driver/Src/stm32f4xx_hal_i2c_ex.o" --specs=nano.specs -mfpu=fpv4-sp-d16 -mfloat-abi=hard -mthumb -o "Drivers/STM32F4xx_HAL_Driver/Src/stm32f4xx_hal_i2c_ex.o"
arm-none-eabi-gcc "../Drivers/STM32F4xx_HAL_Driver/Src/stm32f4xx_hal_pwr.c" -mcpu=cortex-m4 -std=gnu11 -g3 -DDEBUG -DUSE_HAL_DRIVER -DSTM32F407xx -c -I../Core/Inc -I../Drivers/STM32F4xx_HAL_Driver/Inc -I../Drivers/STM32F4xx_HAL_Driver/Inc/Legacy -I../Drivers/CMSIS/Device/ST/STM32F4xx/Include -I../Drivers/CMSIS/Include -O0 -ffunction-sections -fdata-sections -Wall -fstack-usage -fcyclomatic-complexity -MMD -MP -MF"Drivers/STM32F4xx_HAL_Driver/Src/stm32f4xx_hal_pwr.d" -MT"Drivers/STM32F4xx_HAL_Driver/Src/stm32f4xx_hal_pwr.o" --specs=nano.specs -mfpu=fpv4-sp-d16 -mfloat-abi=hard -mthumb -o "Drivers/STM32F4xx_HAL_Driver/Src/stm32f4xx_hal_pwr.o"
arm-none-eabi-gcc "../Drivers/STM32F4xx_HAL_Driver/Src/stm32f4xx_hal_pwr_ex.c" -mcpu=cortex-m4 -std=gnu11 -g3 -DDEBUG -DUSE_HAL_DRIVER -DSTM32F407xx -c -I../Core/Inc -I../Drivers/STM32F4xx_HAL_Driver/Inc -I../Drivers/STM32F4xx_HAL_Driver/Inc/Legacy -I../Drivers/CMSIS/Device/ST/STM32F4xx/Include -I../Drivers/CMSIS/Include -O0 -ffunction-sections -fdata-sections -Wall -fstack-usage -fcyclomatic-complexity -MMD -MP -MF"Drivers/STM32F4xx_HAL_Driver/Src/stm32f4xx_hal_pwr_ex.d" -MT"Drivers/STM32F4xx_HAL_Driver/Src/stm32f4xx_hal_pwr_ex.o" --specs=nano.specs -mfpu=fpv4-sp-d16 -mfloat-abi=hard -mthumb -o "Drivers/STM32F4xx_HAL_Driver/Src/stm32f4xx_hal_pwr_ex.o"
arm-none-eabi-gcc "../Drivers/STM32F4xx_HAL_Driver/Src/stm32f4xx_hal_rcc.c" -mcpu=cortex-m4 -std=gnu11 -g3 -DDEBUG -DUSE_HAL_DRIVER -DSTM32F407xx -c -I../Core/Inc -I../Drivers/STM32F4xx_HAL_Driver/Inc -I../Drivers/STM32F4xx_HAL_Driver/Inc/Legacy -I../Drivers/CMSIS/Device/ST/STM32F4xx/Include -I../Drivers/CMSIS/Include -O0 -ffunction-sections -fdata-sections -Wall -fstack-usage -fcyclomatic-complexity -MMD -MP -MF"Drivers/STM32F4xx_HAL_Driver/Src/stm32f4xx_hal_rcc.d" -MT"Drivers/STM32F4xx_HAL_Driver/Src/stm32f4xx_hal_rcc.o" --specs=nano.specs -mfpu=fpv4-sp-d16 -mfloat-abi=hard -mthumb -o "Drivers/STM32F4xx_HAL_Driver/Src/stm32f4xx_hal_rcc.o"
arm-none-eabi-gcc "../Drivers/STM32F4xx_HAL_Driver/Src/stm32f4xx_hal_rcc_ex.c" -mcpu=cortex-m4 -std=gnu11 -g3 -DDEBUG -DUSE_HAL_DRIVER -DSTM32F407xx -c -I../Core/Inc -I../Drivers/STM32F4xx_HAL_Driver/Inc -I../Drivers/STM32F4xx_HAL_Driver/Inc/Legacy -I../Drivers/CMSIS/Device/ST/STM32F4xx/Include -I../Drivers/CMSIS/Include -O0 -ffunction-sections -fdata-sections -Wall -fstack-usage -fcyclomatic-complexity -MMD -MP -MF"Drivers/STM32F4xx_HAL_Driver/Src/stm32f4xx_hal_rcc_ex.d" -MT"Drivers/STM32F4xx_HAL_Driver/Src/stm32f4xx_hal_rcc_ex.o" --specs=nano.specs -mfpu=fpv4-sp-d16 -mfloat-abi=hard -mthumb -o "Drivers/STM32F4xx_HAL_Driver/Src/stm32f4xx_hal_rcc_ex.o"
arm-none-eabi-gcc "../Drivers/STM32F4xx_HAL_Driver/Src/stm32f4xx_hal_tim.c" -mcpu=cortex-m4 -std=gnu11 -g3 -DDEBUG -DUSE_HAL_DRIVER -DSTM32F407xx -c -I../Core/Inc -I../Drivers/STM32F4xx_HAL_Driver/Inc -I../Drivers/STM32F4xx_HAL_Driver/Inc/Legacy -I../Drivers/CMSIS/Device/ST/STM32F4xx/Include -I../Drivers/CMSIS/Include -O0 -ffunction-sections -fdata-sections -Wall -fstack-usage -fcyclomatic-complexity -MMD -MP -MF"Drivers/STM32F4xx_HAL_Driver/Src/stm32f4xx_hal_tim.d" -MT"Drivers/STM32F4xx_HAL_Driver/Src/stm32f4xx_hal_tim.o" --specs=nano.specs -mfpu=fpv4-sp-d16 -mfloat-abi=hard -mthumb -o "Drivers/STM32F4xx_HAL_Driver/Src/stm32f4xx_hal_tim.o"
arm-none-eabi-gcc "../Drivers/STM32F4xx_HAL_Driver/Src/stm32f4xx_hal_tim_ex.c" -mcpu=cortex-m4 -std=gnu11 -g3 -DDEBUG -DUSE_HAL_DRIVER -DSTM32F407xx -c -I../Core/Inc -I../Drivers/STM32F4xx_HAL_Driver/Inc -I../Drivers/STM32F4xx_HAL_Driver/Inc/Legacy -I../Drivers/CMSIS/Device/ST/STM32F4xx/Include -I../Drivers/CMSIS/Include -O0 -ffunction-sections -fdata-sections -Wall -fstack-usage -fcyclomatic-complexity -MMD -MP -MF"Drivers/STM32F4xx_HAL_Driver/Src/stm32f4xx_hal_tim_ex.d" -MT"Drivers/STM32F4xx_HAL_Driver/Src/stm32f4xx_hal_tim_ex.o" --specs=nano.specs -mfpu=fpv4-sp-d16 -mfloat-abi=hard -mthumb -o "Drivers/STM32F4xx_HAL_Driver/Src/stm32f4xx_hal_tim_ex.o"
arm-none-eabi-gcc "../Drivers/STM32F4xx_HAL_Driver/Src/stm32f4xx_hal_uart.c" -mcpu=cortex-m4 -std=gnu11 -g3 -DDEBUG -DUSE_HAL_DRIVER -DSTM32F407xx -c -I../Core/Inc -I../Drivers/STM32F4xx_HAL_Driver/Inc -I../Drivers/STM32F4xx_HAL_Driver/Inc/Legacy -I../Drivers/CMSIS/Device/ST/STM32F4xx/Include -I../Drivers/CMSIS/Include -O0 -ffunction-sections -fdata-sections -Wall -fstack-usage -fcyclomatic-complexity -MMD -MP -MF"Drivers/STM32F4xx_HAL_Driver/Src/stm32f4xx_hal_uart.d" -MT"Drivers/STM32F4xx_HAL_Driver/Src/stm32f4xx_hal_uart.o" --specs=nano.specs -mfpu=fpv4-sp-d16 -mfloat-abi=hard -mthumb -o "Drivers/STM32F4xx_HAL_Driver/Src/stm32f4xx_hal_uart.o"
arm-none-eabi-gcc -mcpu=cortex-m4 -g3 -DDEBUG -c -x assembler-with-cpp -MMD -MP -MF"Core/Startup/startup_stm32f407vgtx.d" -MT"Core/Startup/startup_stm32f407vgtx.o" --specs=nano.specs -mfpu=fpv4-sp-d16 -mfloat-abi=hard -mthumb -o "Core/Startup/startup_stm32f407vgtx.o" "../Core/Startup/startup_stm32f407vgtx.s"
arm-none-eabi-gcc "../Core/Src/i2c-lcd.c" -mcpu=cortex-m4 -std=gnu11 -g3 -DDEBUG -DUSE_HAL_DRIVER -DSTM32F407xx -c -I../Core/Inc -I../Drivers/STM32F4xx_HAL_Driver/Inc -I../Drivers/STM32F4xx_HAL_Driver/Inc/Legacy -I../Drivers/CMSIS/Device/ST/STM32F4xx/Include -I../Drivers/CMSIS/Include -O0 -ffunction-sections -fdata-sections -Wall -fstack-usage -fcyclomatic-complexity -MMD -MP -MF"Core/Src/i2c-lcd.d" -MT"Core/Src/i2c-lcd.o" --specs=nano.specs -mfpu=fpv4-sp-d16 -mfloat-abi=hard -mthumb -o "Core/Src/i2c-lcd.o"
../Core/Src/i2c-lcd.c: In function 'lcd_barrido':
../Core/Src/i2c-lcd.c:67:19: warning: implicit declaration of function 'strlen' [-Wimplicit-function-declaration]
   67 |         int len = strlen(message);
      |                   ^~~~~~
../Core/Src/i2c-lcd.c:5:1: note: include '<string.h>' or provide a declaration of 'strlen'
    4 | #include "i2c-lcd.h"
  +++ |+#include <string.h>
    5 | extern I2C_HandleTypeDef hi2c1;
../Core/Src/i2c-lcd.c:67:19: warning: incompatible implicit declaration of built-in function 'strlen' [-Wbuiltin-declaration-mismatch]
   67 |         int len = strlen(message);
      |                   ^~~~~~
../Core/Src/i2c-lcd.c:67:19: note: include '<string.h>' or provide a declaration of 'strlen'
arm-none-eabi-gcc "../Core/Src/main.c" -mcpu=cortex-m4 -std=gnu11 -g3 -DDEBUG -DUSE_HAL_DRIVER -DSTM32F407xx -c -I../Core/Inc -I../Drivers/STM32F4xx_HAL_Driver/Inc -I../Drivers/STM32F4xx_HAL_Driver/Inc/Legacy -I../Drivers/CMSIS/Device/ST/STM32F4xx/Include -I../Drivers/CMSIS/Include -O0 -ffunction-sections -fdata-sections -Wall -fstack-usage -fcyclomatic-complexity -MMD -MP -MF"Core/Src/main.d" -MT"Core/Src/main.o" --specs=nano.specs -mfpu=fpv4-sp-d16 -mfloat-abi=hard -mthumb -o "Core/Src/main.o"
arm-none-eabi-gcc "../Core/Src/stm32f4xx_hal_msp.c" -mcpu=cortex-m4 -std=gnu11 -g3 -DDEBUG -DUSE_HAL_DRIVER -DSTM32F407xx -c -I../Core/Inc -I../Drivers/STM32F4xx_HAL_Driver/Inc -I../Drivers/STM32F4xx_HAL_Driver/Inc/Legacy -I../Drivers/CMSIS/Device/ST/STM32F4xx/Include -I../Drivers/CMSIS/Include -O0 -ffunction-sections -fdata-sections -Wall -fstack-usage -fcyclomatic-complexity -MMD -MP -MF"Core/Src/stm32f4xx_hal_msp.d" -MT"Core/Src/stm32f4xx_hal_msp.o" --specs=nano.specs -mfpu=fpv4-sp-d16 -mfloat-abi=hard -mthumb -o "Core/Src/stm32f4xx_hal_msp.o"
arm-none-eabi-gcc "../Core/Src/stm32f4xx_it.c" -mcpu=cortex-m4 -std=gnu11 -g3 -DDEBUG -DUSE_HAL_DRIVER -DSTM32F407xx -c -I../Core/Inc -I../Drivers/STM32F4xx_HAL_Driver/Inc -I../Drivers/STM32F4xx_HAL_Driver/Inc/Legacy -I../Drivers/CMSIS/Device/ST/STM32F4xx/Include -I../Drivers/CMSIS/Include -O0 -ffunction-sections -fdata-sections -Wall -fstack-usage -fcyclomatic-complexity -MMD -MP -MF"Core/Src/stm32f4xx_it.d" -MT"Core/Src/stm32f4xx_it.o" --specs=nano.specs -mfpu=fpv4-sp-d16 -mfloat-abi=hard -mthumb -o "Core/Src/stm32f4xx_it.o"
arm-none-eabi-gcc "../Core/Src/syscalls.c" -mcpu=cortex-m4 -std=gnu11 -g3 -DDEBUG -DUSE_HAL_DRIVER -DSTM32F407xx -c -I../Core/Inc -I../Drivers/STM32F4xx_HAL_Driver/Inc -I../Drivers/STM32F4xx_HAL_Driver/Inc/Legacy -I../Drivers/CMSIS/Device/ST/STM32F4xx/Include -I../Drivers/CMSIS/Include -O0 -ffunction-sections -fdata-sections -Wall -fstack-usage -fcyclomatic-complexity -MMD -MP -MF"Core/Src/syscalls.d" -MT"Core/Src/syscalls.o" --specs=nano.specs -mfpu=fpv4-sp-d16 -mfloat-abi=hard -mthumb -o "Core/Src/syscalls.o"
arm-none-eabi-gcc "../Core/Src/sysmem.c" -mcpu=cortex-m4 -std=gnu11 -g3 -DDEBUG -DUSE_HAL_DRIVER -DSTM32F407xx -c -I../Core/Inc -I../Drivers/STM32F4xx_HAL_Driver/Inc -I../Drivers/STM32F4xx_HAL_Driver/Inc/Legacy -I../Drivers/CMSIS/Device/ST/STM32F4xx/Include -I../Drivers/CMSIS/Include -O0 -ffunction-sections -fdata-sections -Wall -fstack-usage -fcyclomatic-complexity -MMD -MP -MF"Core/Src/sysmem.d" -MT"Core/Src/sysmem.o" --specs=nano.specs -mfpu=fpv4-sp-d16 -mfloat-abi=hard -mthumb -o "Core/Src/sysmem.o"
../Core/Src/main.c: In function 'BluetoothManager':
../Core/Src/main.c:169:25: warning: implicit declaration of function 'strtof'; did you mean 'strtok'? [-Wimplicit-function-declaration]
  169 |                 angle = strtof(readBuf, NULL);
      |                         ^~~~~~
      |                         strtok
arm-none-eabi-gcc "../Core/Src/system_stm32f4xx.c" -mcpu=cortex-m4 -std=gnu11 -g3 -DDEBUG -DUSE_HAL_DRIVER -DSTM32F407xx -c -I../Core/Inc -I../Drivers/STM32F4xx_HAL_Driver/Inc -I../Drivers/STM32F4xx_HAL_Driver/Inc/Legacy -I../Drivers/CMSIS/Device/ST/STM32F4xx/Include -I../Drivers/CMSIS/Include -O0 -ffunction-sections -fdata-sections -Wall -fstack-usage -fcyclomatic-complexity -MMD -MP -MF"Core/Src/system_stm32f4xx.d" -MT"Core/Src/system_stm32f4xx.o" --specs=nano.specs -mfpu=fpv4-sp-d16 -mfloat-abi=hard -mthumb -o "Core/Src/system_stm32f4xx.o"
arm-none-eabi-gcc -o "BrazoExcavador.elf" @"objects.list"   -mcpu=cortex-m4 -T"C:\Users\Julio\Documents\GitHub\ROBOTICA - Trabajo\BrazoExcavador\STM32F407VGTX_FLASH.ld" --specs=nosys.specs -Wl,-Map="BrazoExcavador.map" -Wl,--gc-sections -static --specs=nano.specs -mfpu=fpv4-sp-d16 -mfloat-abi=hard -mthumb -Wl,--start-group -lc -lm -Wl,--end-group
Finished building target: BrazoExcavador.elf
 
arm-none-eabi-size  BrazoExcavador.elf 
arm-none-eabi-objdump -h -S BrazoExcavador.elf  > "BrazoExcavador.list"
   text	   data	    bss	    dec	    hex	filename
  34184	    468	   2372	  37024	   90a0	BrazoExcavador.elf
Finished building: default.size.stdout
 
Finished building: BrazoExcavador.list
 
15:43:29 **** Incremental Build of configuration Debug for project BrazoExcavador ****
make -j4 all 
arm-none-eabi-size  BrazoExcavador.elf 
   text	   data	    bss	    dec	    hex	filename
  34184	    468	   2372	  37024	   90a0	BrazoExcavador.elf
Finished building: default.size.stdout
 
15:47:21 **** Incremental Build of configuration Debug for project BrazoExcavador ****
make -j4 all 
arm-none-eabi-size  BrazoExcavador.elf 
   text	   data	    bss	    dec	    hex	filename
  34184	    468	   2372	  37024	   90a0	BrazoExcavador.elf
Finished building: default.size.stdout
 
15:53:22 **** Incremental Build of configuration Debug for project BrazoExcavador ****
make -j4 all 
arm-none-eabi-size  BrazoExcavador.elf 
   text	   data	    bss	    dec	    hex	filename
  34184	    468	   2372	  37024	   90a0	BrazoExcavador.elf
Finished building: default.size.stdout
 
16:03:10 **** Incremental Build of configuration Debug for project BrazoExcavador ****
make -j4 all 
arm-none-eabi-gcc "../Core/Src/main.c" -mcpu=cortex-m4 -std=gnu11 -g3 -DDEBUG -DUSE_HAL_DRIVER -DSTM32F407xx -c -I../Core/Inc -I../Drivers/STM32F4xx_HAL_Driver/Inc -I../Drivers/STM32F4xx_HAL_Driver/Inc/Legacy -I../Drivers/CMSIS/Device/ST/STM32F4xx/Include -I../Drivers/CMSIS/Include -O0 -ffunction-sections -fdata-sections -Wall -fstack-usage -fcyclomatic-complexity -MMD -MP -MF"Core/Src/main.d" -MT"Core/Src/main.o" --specs=nano.specs -mfpu=fpv4-sp-d16 -mfloat-abi=hard -mthumb -o "Core/Src/main.o"
../Core/Src/main.c: In function 'BluetoothManager':
../Core/Src/main.c:169:25: warning: implicit declaration of function 'strtof'; did you mean 'strtok'? [-Wimplicit-function-declaration]
  169 |                 angle = strtof(readBuf, NULL);
      |                         ^~~~~~
      |                         strtok
arm-none-eabi-gcc -o "BrazoExcavador.elf" @"objects.list"   -mcpu=cortex-m4 -T"C:\Users\Julio\Documents\GitHub\ROBOTICA - Trabajo\BrazoExcavador\STM32F407VGTX_FLASH.ld" --specs=nosys.specs -Wl,-Map="BrazoExcavador.map" -Wl,--gc-sections -static --specs=nano.specs -mfpu=fpv4-sp-d16 -mfloat-abi=hard -mthumb -Wl,--start-group -lc -lm -Wl,--end-group
Finished building target: BrazoExcavador.elf
 
arm-none-eabi-size  BrazoExcavador.elf 
arm-none-eabi-objdump -h -S BrazoExcavador.elf  > "BrazoExcavador.list"
   text	   data	    bss	    dec	    hex	filename
  34184	    468	   2372	  37024	   90a0	BrazoExcavador.elf
Finished building: default.size.stdout
 
Finished building: BrazoExcavador.list
 
16:04:56 **** Incremental Build of configuration Debug for project BrazoExcavador ****
make -j4 all 
arm-none-eabi-size  BrazoExcavador.elf 
   text	   data	    bss	    dec	    hex	filename
  34184	    468	   2372	  37024	   90a0	BrazoExcavador.elf
Finished building: default.size.stdout
 
16:05:42 **** Incremental Build of configuration Debug for project BrazoExcavador ****
make -j4 all 
arm-none-eabi-gcc "../Core/Src/main.c" -mcpu=cortex-m4 -std=gnu11 -g3 -DDEBUG -DUSE_HAL_DRIVER -DSTM32F407xx -c -I../Core/Inc -I../Drivers/STM32F4xx_HAL_Driver/Inc -I../Drivers/STM32F4xx_HAL_Driver/Inc/Legacy -I../Drivers/CMSIS/Device/ST/STM32F4xx/Include -I../Drivers/CMSIS/Include -O0 -ffunction-sections -fdata-sections -Wall -fstack-usage -fcyclomatic-complexity -MMD -MP -MF"Core/Src/main.d" -MT"Core/Src/main.o" --specs=nano.specs -mfpu=fpv4-sp-d16 -mfloat-abi=hard -mthumb -o "Core/Src/main.o"
../Core/Src/main.c: In function 'BluetoothManager':
../Core/Src/main.c:169:25: warning: implicit declaration of function 'strtof'; did you mean 'strtok'? [-Wimplicit-function-declaration]
  169 |                 angle = strtof(readBuf, NULL);
      |                         ^~~~~~
      |                         strtok
arm-none-eabi-gcc -o "BrazoExcavador.elf" @"objects.list"   -mcpu=cortex-m4 -T"C:\Users\Julio\Documents\GitHub\ROBOTICA - Trabajo\BrazoExcavador\STM32F407VGTX_FLASH.ld" --specs=nosys.specs -Wl,-Map="BrazoExcavador.map" -Wl,--gc-sections -static --specs=nano.specs -mfpu=fpv4-sp-d16 -mfloat-abi=hard -mthumb -Wl,--start-group -lc -lm -Wl,--end-group
Finished building target: BrazoExcavador.elf
 
arm-none-eabi-size  BrazoExcavador.elf 
arm-none-eabi-objdump -h -S BrazoExcavador.elf  > "BrazoExcavador.list"
   text	   data	    bss	    dec	    hex	filename
  34184	    468	   2372	  37024	   90a0	BrazoExcavador.elf
Finished building: default.size.stdout
 
Finished building: BrazoExcavador.list
 
16:07:37 **** Incremental Build of configuration Debug for project BrazoExcavador ****
make -j4 all 
arm-none-eabi-size  BrazoExcavador.elf 
   text	   data	    bss	    dec	    hex	filename
  34184	    468	   2372	  37024	   90a0	BrazoExcavador.elf
Finished building: default.size.stdout
 
16:09:11 **** Incremental Build of configuration Debug for project BrazoExcavador ****
make -j4 all 
arm-none-eabi-size  BrazoExcavador.elf 
   text	   data	    bss	    dec	    hex	filename
  34184	    468	   2372	  37024	   90a0	BrazoExcavador.elf
Finished building: default.size.stdout
 
16:12:40 **** Incremental Build of configuration Debug for project BrazoExcavador ****
make -j4 all 
arm-none-eabi-gcc "../Core/Src/main.c" -mcpu=cortex-m4 -std=gnu11 -g3 -DDEBUG -DUSE_HAL_DRIVER -DSTM32F407xx -c -I../Core/Inc -I../Drivers/STM32F4xx_HAL_Driver/Inc -I../Drivers/STM32F4xx_HAL_Driver/Inc/Legacy -I../Drivers/CMSIS/Device/ST/STM32F4xx/Include -I../Drivers/CMSIS/Include -O0 -ffunction-sections -fdata-sections -Wall -fstack-usage -fcyclomatic-complexity -MMD -MP -MF"Core/Src/main.d" -MT"Core/Src/main.o" --specs=nano.specs -mfpu=fpv4-sp-d16 -mfloat-abi=hard -mthumb -o "Core/Src/main.o"
../Core/Src/main.c: In function 'BluetoothManager':
../Core/Src/main.c:169:25: warning: implicit declaration of function 'strtof'; did you mean 'strtok'? [-Wimplicit-function-declaration]
  169 |                 angle = strtof(readBuf, NULL);
      |                         ^~~~~~
      |                         strtok
arm-none-eabi-gcc -o "BrazoExcavador.elf" @"objects.list"   -mcpu=cortex-m4 -T"C:\Users\Julio\Documents\GitHub\ROBOTICA - Trabajo\BrazoExcavador\STM32F407VGTX_FLASH.ld" --specs=nosys.specs -Wl,-Map="BrazoExcavador.map" -Wl,--gc-sections -static --specs=nano.specs -mfpu=fpv4-sp-d16 -mfloat-abi=hard -mthumb -Wl,--start-group -lc -lm -Wl,--end-group
Finished building target: BrazoExcavador.elf
 
arm-none-eabi-size  BrazoExcavador.elf 
arm-none-eabi-objdump -h -S BrazoExcavador.elf  > "BrazoExcavador.list"
   text	   data	    bss	    dec	    hex	filename
  34200	    468	   2372	  37040	   90b0	BrazoExcavador.elf
Finished building: default.size.stdout
 
Finished building: BrazoExcavador.list
 
17:10:00 **** Incremental Build of configuration Debug for project BrazoExcavador ****
make -j4 all 
arm-none-eabi-size  BrazoExcavador.elf 
   text	   data	    bss	    dec	    hex	filename
  34200	    468	   2372	  37040	   90b0	BrazoExcavador.elf
Finished building: default.size.stdout
 
17:18:03 **** Incremental Build of configuration Debug for project BrazoExcavador ****
make -j4 all 
arm-none-eabi-gcc "../Core/Src/main.c" -mcpu=cortex-m4 -std=gnu11 -g3 -DDEBUG -DUSE_HAL_DRIVER -DSTM32F407xx -c -I../Core/Inc -I../Drivers/STM32F4xx_HAL_Driver/Inc -I../Drivers/STM32F4xx_HAL_Driver/Inc/Legacy -I../Drivers/CMSIS/Device/ST/STM32F4xx/Include -I../Drivers/CMSIS/Include -O0 -ffunction-sections -fdata-sections -Wall -fstack-usage -fcyclomatic-complexity -MMD -MP -MF"Core/Src/main.d" -MT"Core/Src/main.o" --specs=nano.specs -mfpu=fpv4-sp-d16 -mfloat-abi=hard -mthumb -o "Core/Src/main.o"
../Core/Src/main.c: In function 'BluetoothManager':
../Core/Src/main.c:169:25: warning: implicit declaration of function 'strtof'; did you mean 'strtok'? [-Wimplicit-function-declaration]
  169 |                 angle = strtof(readBuf, NULL);
      |                         ^~~~~~
      |                         strtok
arm-none-eabi-gcc -o "BrazoExcavador.elf" @"objects.list"   -mcpu=cortex-m4 -T"C:\Users\Julio\Documents\GitHub\ROBOTICA - Trabajo\BrazoExcavador\STM32F407VGTX_FLASH.ld" --specs=nosys.specs -Wl,-Map="BrazoExcavador.map" -Wl,--gc-sections -static --specs=nano.specs -mfpu=fpv4-sp-d16 -mfloat-abi=hard -mthumb -Wl,--start-group -lc -lm -Wl,--end-group
Finished building target: BrazoExcavador.elf
 
arm-none-eabi-size  BrazoExcavador.elf 
arm-none-eabi-objdump -h -S BrazoExcavador.elf  > "BrazoExcavador.list"
   text	   data	    bss	    dec	    hex	filename
  34192	    468	   2364	  37024	   90a0	BrazoExcavador.elf
Finished building: default.size.stdout
 
Finished building: BrazoExcavador.list
 
17:33:36 **** Incremental Build of configuration Debug for project BrazoExcavador ****
make -j4 all 
arm-none-eabi-gcc "../Core/Src/main.c" -mcpu=cortex-m4 -std=gnu11 -g3 -DDEBUG -DUSE_HAL_DRIVER -DSTM32F407xx -c -I../Core/Inc -I../Drivers/STM32F4xx_HAL_Driver/Inc -I../Drivers/STM32F4xx_HAL_Driver/Inc/Legacy -I../Drivers/CMSIS/Device/ST/STM32F4xx/Include -I../Drivers/CMSIS/Include -O0 -ffunction-sections -fdata-sections -Wall -fstack-usage -fcyclomatic-complexity -MMD -MP -MF"Core/Src/main.d" -MT"Core/Src/main.o" --specs=nano.specs -mfpu=fpv4-sp-d16 -mfloat-abi=hard -mthumb -o "Core/Src/main.o"
../Core/Src/main.c: In function 'BluetoothManager':
../Core/Src/main.c:170:25: warning: implicit declaration of function 'strtof'; did you mean 'strtok'? [-Wimplicit-function-declaration]
  170 |                 angle = strtof(readBuf, NULL);
      |                         ^~~~~~
      |                         strtok
arm-none-eabi-gcc -o "BrazoExcavador.elf" @"objects.list"   -mcpu=cortex-m4 -T"C:\Users\Julio\Documents\GitHub\ROBOTICA - Trabajo\BrazoExcavador\STM32F407VGTX_FLASH.ld" --specs=nosys.specs -Wl,-Map="BrazoExcavador.map" -Wl,--gc-sections -static --specs=nano.specs -mfpu=fpv4-sp-d16 -mfloat-abi=hard -mthumb -Wl,--start-group -lc -lm -Wl,--end-group
Finished building target: BrazoExcavador.elf
 
arm-none-eabi-size  BrazoExcavador.elf 
arm-none-eabi-objdump -h -S BrazoExcavador.elf  > "BrazoExcavador.list"
   text	   data	    bss	    dec	    hex	filename
  34176	    468	   2372	  37016	   9098	BrazoExcavador.elf
Finished building: default.size.stdout
 
Finished building: BrazoExcavador.list
 
17:37:08 **** Incremental Build of configuration Debug for project BrazoExcavador ****
make -j4 all 
arm-none-eabi-size  BrazoExcavador.elf 
   text	   data	    bss	    dec	    hex	filename
  34176	    468	   2372	  37016	   9098	BrazoExcavador.elf
Finished building: default.size.stdout
 
17:42:57 **** Incremental Build of configuration Debug for project BrazoExcavador ****
make -j4 all 
arm-none-eabi-size  BrazoExcavador.elf 
   text	   data	    bss	    dec	    hex	filename
  34176	    468	   2372	  37016	   9098	BrazoExcavador.elf
Finished building: default.size.stdout
 
17:50:56 **** Incremental Build of configuration Debug for project BrazoExcavador ****
make -j4 all 
arm-none-eabi-gcc "../Core/Src/main.c" -mcpu=cortex-m4 -std=gnu11 -g3 -DDEBUG -DUSE_HAL_DRIVER -DSTM32F407xx -c -I../Core/Inc -I../Drivers/STM32F4xx_HAL_Driver/Inc -I../Drivers/STM32F4xx_HAL_Driver/Inc/Legacy -I../Drivers/CMSIS/Device/ST/STM32F4xx/Include -I../Drivers/CMSIS/Include -O0 -ffunction-sections -fdata-sections -Wall -fstack-usage -fcyclomatic-complexity -MMD -MP -MF"Core/Src/main.d" -MT"Core/Src/main.o" --specs=nano.specs -mfpu=fpv4-sp-d16 -mfloat-abi=hard -mthumb -o "Core/Src/main.o"
../Core/Src/main.c: In function 'BluetoothManager':
../Core/Src/main.c:170:25: warning: implicit declaration of function 'strtol'; did you mean 'strtok'? [-Wimplicit-function-declaration]
  170 |                 angle = strtol(readBuf, NULL);
      |                         ^~~~~~
      |                         strtok
arm-none-eabi-gcc -o "BrazoExcavador.elf" @"objects.list"   -mcpu=cortex-m4 -T"C:\Users\Julio\Documents\GitHub\ROBOTICA - Trabajo\BrazoExcavador\STM32F407VGTX_FLASH.ld" --specs=nosys.specs -Wl,-Map="BrazoExcavador.map" -Wl,--gc-sections -static --specs=nano.specs -mfpu=fpv4-sp-d16 -mfloat-abi=hard -mthumb -Wl,--start-group -lc -lm -Wl,--end-group
Finished building target: BrazoExcavador.elf
 
arm-none-eabi-size  BrazoExcavador.elf 
arm-none-eabi-objdump -h -S BrazoExcavador.elf  > "BrazoExcavador.list"
   text	   data	    bss	    dec	    hex	filename
  21204	     92	   2348	  23644	   5c5c	BrazoExcavador.elf
Finished building: default.size.stdout
 
Finished building: BrazoExcavador.list
 
18:08:17 **** Incremental Build of configuration Debug for project BrazoExcavador ****
make -j4 all 
arm-none-eabi-gcc "../Core/Src/main.c" -mcpu=cortex-m4 -std=gnu11 -g3 -DDEBUG -DUSE_HAL_DRIVER -DSTM32F407xx -c -I../Core/Inc -I../Drivers/STM32F4xx_HAL_Driver/Inc -I../Drivers/STM32F4xx_HAL_Driver/Inc/Legacy -I../Drivers/CMSIS/Device/ST/STM32F4xx/Include -I../Drivers/CMSIS/Include -O0 -ffunction-sections -fdata-sections -Wall -fstack-usage -fcyclomatic-complexity -MMD -MP -MF"Core/Src/main.d" -MT"Core/Src/main.o" --specs=nano.specs -mfpu=fpv4-sp-d16 -mfloat-abi=hard -mthumb -o "Core/Src/main.o"
arm-none-eabi-gcc -o "BrazoExcavador.elf" @"objects.list"   -mcpu=cortex-m4 -T"C:\Users\Julio\Documents\GitHub\ROBOTICA - Trabajo\BrazoExcavador\STM32F407VGTX_FLASH.ld" --specs=nosys.specs -Wl,-Map="BrazoExcavador.map" -Wl,--gc-sections -static --specs=nano.specs -mfpu=fpv4-sp-d16 -mfloat-abi=hard -mthumb -Wl,--start-group -lc -lm -Wl,--end-group
Finished building target: BrazoExcavador.elf
 
arm-none-eabi-size  BrazoExcavador.elf 
arm-none-eabi-objdump -h -S BrazoExcavador.elf  > "BrazoExcavador.list"
   text	   data	    bss	    dec	    hex	filename
  20784	     12	   2036	  22832	   5930	BrazoExcavador.elf
Finished building: default.size.stdout
 
Finished building: BrazoExcavador.list
 
18:10:37 **** Incremental Build of configuration Debug for project BrazoExcavador ****
make -j4 all 
arm-none-eabi-size  BrazoExcavador.elf 
   text	   data	    bss	    dec	    hex	filename
  20784	     12	   2036	  22832	   5930	BrazoExcavador.elf
Finished building: default.size.stdout
 
18:16:57 **** Incremental Build of configuration Debug for project BrazoExcavador ****
make -j4 all 
arm-none-eabi-gcc "../Core/Src/main.c" -mcpu=cortex-m4 -std=gnu11 -g3 -DDEBUG -DUSE_HAL_DRIVER -DSTM32F407xx -c -I../Core/Inc -I../Drivers/STM32F4xx_HAL_Driver/Inc -I../Drivers/STM32F4xx_HAL_Driver/Inc/Legacy -I../Drivers/CMSIS/Device/ST/STM32F4xx/Include -I../Drivers/CMSIS/Include -O0 -ffunction-sections -fdata-sections -Wall -fstack-usage -fcyclomatic-complexity -MMD -MP -MF"Core/Src/main.d" -MT"Core/Src/main.o" --specs=nano.specs -mfpu=fpv4-sp-d16 -mfloat-abi=hard -mthumb -o "Core/Src/main.o"
arm-none-eabi-gcc -o "BrazoExcavador.elf" @"objects.list"   -mcpu=cortex-m4 -T"C:\Users\Julio\Documents\GitHub\ROBOTICA - Trabajo\BrazoExcavador\STM32F407VGTX_FLASH.ld" --specs=nosys.specs -Wl,-Map="BrazoExcavador.map" -Wl,--gc-sections -static --specs=nano.specs -mfpu=fpv4-sp-d16 -mfloat-abi=hard -mthumb -Wl,--start-group -lc -lm -Wl,--end-group
Finished building target: BrazoExcavador.elf
 
arm-none-eabi-size  BrazoExcavador.elf 
arm-none-eabi-objdump -h -S BrazoExcavador.elf  > "BrazoExcavador.list"
   text	   data	    bss	    dec	    hex	filename
  20780	     12	   2036	  22828	   592c	BrazoExcavador.elf
Finished building: default.size.stdout
 
Finished building: BrazoExcavador.list
 
18:18:29 **** Incremental Build of configuration Debug for project BrazoExcavador ****
make -j4 all 
arm-none-eabi-gcc "../Core/Src/main.c" -mcpu=cortex-m4 -std=gnu11 -g3 -DDEBUG -DUSE_HAL_DRIVER -DSTM32F407xx -c -I../Core/Inc -I../Drivers/STM32F4xx_HAL_Driver/Inc -I../Drivers/STM32F4xx_HAL_Driver/Inc/Legacy -I../Drivers/CMSIS/Device/ST/STM32F4xx/Include -I../Drivers/CMSIS/Include -O0 -ffunction-sections -fdata-sections -Wall -fstack-usage -fcyclomatic-complexity -MMD -MP -MF"Core/Src/main.d" -MT"Core/Src/main.o" --specs=nano.specs -mfpu=fpv4-sp-d16 -mfloat-abi=hard -mthumb -o "Core/Src/main.o"
arm-none-eabi-gcc -o "BrazoExcavador.elf" @"objects.list"   -mcpu=cortex-m4 -T"C:\Users\Julio\Documents\GitHub\ROBOTICA - Trabajo\BrazoExcavador\STM32F407VGTX_FLASH.ld" --specs=nosys.specs -Wl,-Map="BrazoExcavador.map" -Wl,--gc-sections -static --specs=nano.specs -mfpu=fpv4-sp-d16 -mfloat-abi=hard -mthumb -Wl,--start-group -lc -lm -Wl,--end-group
Finished building target: BrazoExcavador.elf
 
arm-none-eabi-size  BrazoExcavador.elf 
arm-none-eabi-objdump -h -S BrazoExcavador.elf  > "BrazoExcavador.list"
   text	   data	    bss	    dec	    hex	filename
  20784	     12	   2036	  22832	   5930	BrazoExcavador.elf
Finished building: default.size.stdout
 
Finished building: BrazoExcavador.list
 
18:20:38 **** Incremental Build of configuration Debug for project BrazoExcavador ****
make -j4 all 
arm-none-eabi-gcc "../Core/Src/main.c" -mcpu=cortex-m4 -std=gnu11 -g3 -DDEBUG -DUSE_HAL_DRIVER -DSTM32F407xx -c -I../Core/Inc -I../Drivers/STM32F4xx_HAL_Driver/Inc -I../Drivers/STM32F4xx_HAL_Driver/Inc/Legacy -I../Drivers/CMSIS/Device/ST/STM32F4xx/Include -I../Drivers/CMSIS/Include -O0 -ffunction-sections -fdata-sections -Wall -fstack-usage -fcyclomatic-complexity -MMD -MP -MF"Core/Src/main.d" -MT"Core/Src/main.o" --specs=nano.specs -mfpu=fpv4-sp-d16 -mfloat-abi=hard -mthumb -o "Core/Src/main.o"
arm-none-eabi-gcc -o "BrazoExcavador.elf" @"objects.list"   -mcpu=cortex-m4 -T"C:\Users\Julio\Documents\GitHub\ROBOTICA - Trabajo\BrazoExcavador\STM32F407VGTX_FLASH.ld" --specs=nosys.specs -Wl,-Map="BrazoExcavador.map" -Wl,--gc-sections -static --specs=nano.specs -mfpu=fpv4-sp-d16 -mfloat-abi=hard -mthumb -Wl,--start-group -lc -lm -Wl,--end-group
Finished building target: BrazoExcavador.elf
 
arm-none-eabi-size  BrazoExcavador.elf 
arm-none-eabi-objdump -h -S BrazoExcavador.elf  > "BrazoExcavador.list"
   text	   data	    bss	    dec	    hex	filename
  20784	     12	   2036	  22832	   5930	BrazoExcavador.elf
Finished building: default.size.stdout
 
Finished building: BrazoExcavador.list
 
18:23:37 **** Incremental Build of configuration Debug for project BrazoExcavador ****
make -j4 all 
arm-none-eabi-gcc "../Core/Src/main.c" -mcpu=cortex-m4 -std=gnu11 -g3 -DDEBUG -DUSE_HAL_DRIVER -DSTM32F407xx -c -I../Core/Inc -I../Drivers/STM32F4xx_HAL_Driver/Inc -I../Drivers/STM32F4xx_HAL_Driver/Inc/Legacy -I../Drivers/CMSIS/Device/ST/STM32F4xx/Include -I../Drivers/CMSIS/Include -O0 -ffunction-sections -fdata-sections -Wall -fstack-usage -fcyclomatic-complexity -MMD -MP -MF"Core/Src/main.d" -MT"Core/Src/main.o" --specs=nano.specs -mfpu=fpv4-sp-d16 -mfloat-abi=hard -mthumb -o "Core/Src/main.o"
arm-none-eabi-gcc -o "BrazoExcavador.elf" @"objects.list"   -mcpu=cortex-m4 -T"C:\Users\Julio\Documents\GitHub\ROBOTICA - Trabajo\BrazoExcavador\STM32F407VGTX_FLASH.ld" --specs=nosys.specs -Wl,-Map="BrazoExcavador.map" -Wl,--gc-sections -static --specs=nano.specs -mfpu=fpv4-sp-d16 -mfloat-abi=hard -mthumb -Wl,--start-group -lc -lm -Wl,--end-group
Finished building target: BrazoExcavador.elf
 
arm-none-eabi-size  BrazoExcavador.elf 
arm-none-eabi-objdump -h -S BrazoExcavador.elf  > "BrazoExcavador.list"
   text	   data	    bss	    dec	    hex	filename
  20772	     12	   2036	  22820	   5924	BrazoExcavador.elf
Finished building: default.size.stdout
 
Finished building: BrazoExcavador.list
 
18:24:51 **** Incremental Build of configuration Debug for project BrazoExcavador ****
make -j4 all 
arm-none-eabi-size  BrazoExcavador.elf 
   text	   data	    bss	    dec	    hex	filename
  20772	     12	   2036	  22820	   5924	BrazoExcavador.elf
Finished building: default.size.stdout
 
18:41:34 **** Incremental Build of configuration Debug for project BrazoExcavador ****
make -j4 all 
arm-none-eabi-gcc "../Core/Src/main.c" -mcpu=cortex-m4 -std=gnu11 -g3 -DDEBUG -DUSE_HAL_DRIVER -DSTM32F407xx -c -I../Core/Inc -I../Drivers/STM32F4xx_HAL_Driver/Inc -I../Drivers/STM32F4xx_HAL_Driver/Inc/Legacy -I../Drivers/CMSIS/Device/ST/STM32F4xx/Include -I../Drivers/CMSIS/Include -O0 -ffunction-sections -fdata-sections -Wall -fstack-usage -fcyclomatic-complexity -MMD -MP -MF"Core/Src/main.d" -MT"Core/Src/main.o" --specs=nano.specs -mfpu=fpv4-sp-d16 -mfloat-abi=hard -mthumb -o "Core/Src/main.o"
arm-none-eabi-gcc -o "BrazoExcavador.elf" @"objects.list"   -mcpu=cortex-m4 -T"C:\Users\Julio\Documents\GitHub\ROBOTICA - Trabajo\BrazoExcavador\STM32F407VGTX_FLASH.ld" --specs=nosys.specs -Wl,-Map="BrazoExcavador.map" -Wl,--gc-sections -static --specs=nano.specs -mfpu=fpv4-sp-d16 -mfloat-abi=hard -mthumb -Wl,--start-group -lc -lm -Wl,--end-group
Finished building target: BrazoExcavador.elf
 
arm-none-eabi-size  BrazoExcavador.elf 
arm-none-eabi-objdump -h -S BrazoExcavador.elf  > "BrazoExcavador.list"
   text	   data	    bss	    dec	    hex	filename
  20812	     12	   2036	  22860	   594c	BrazoExcavador.elf
Finished building: default.size.stdout
 
Finished building: BrazoExcavador.list
 
18:52:16 **** Incremental Build of configuration Debug for project BrazoExcavador ****
make -j4 all 
arm-none-eabi-size  BrazoExcavador.elf 
   text	   data	    bss	    dec	    hex	filename
  20812	     12	   2036	  22860	   594c	BrazoExcavador.elf
Finished building: default.size.stdout
 
12:36:37 **** Incremental Build of configuration Debug for project BrazoExcavador ****
make -j4 all 
arm-none-eabi-gcc "../Core/Src/main.c" -mcpu=cortex-m4 -std=gnu11 -g3 -DDEBUG -DUSE_HAL_DRIVER -DSTM32F407xx -c -I../Core/Inc -I../Drivers/STM32F4xx_HAL_Driver/Inc -I../Drivers/STM32F4xx_HAL_Driver/Inc/Legacy -I../Drivers/CMSIS/Device/ST/STM32F4xx/Include -I../Drivers/CMSIS/Include -O0 -ffunction-sections -fdata-sections -Wall -fstack-usage -fcyclomatic-complexity -MMD -MP -MF"Core/Src/main.d" -MT"Core/Src/main.o" --specs=nano.specs -mfpu=fpv4-sp-d16 -mfloat-abi=hard -mthumb -o "Core/Src/main.o"
arm-none-eabi-gcc -o "BrazoExcavador.elf" @"objects.list"   -mcpu=cortex-m4 -T"C:\Users\Julio\Documents\GitHub\ROBOTICA - Trabajo\BrazoExcavador\STM32F407VGTX_FLASH.ld" --specs=nosys.specs -Wl,-Map="BrazoExcavador.map" -Wl,--gc-sections -static --specs=nano.specs -mfpu=fpv4-sp-d16 -mfloat-abi=hard -mthumb -Wl,--start-group -lc -lm -Wl,--end-group
Finished building target: BrazoExcavador.elf
 
arm-none-eabi-size  BrazoExcavador.elf 
arm-none-eabi-objdump -h -S BrazoExcavador.elf  > "BrazoExcavador.list"
   text	   data	    bss	    dec	    hex	filename
  20812	     12	   2036	  22860	   594c	BrazoExcavador.elf
Finished building: default.size.stdout
 
Finished building: BrazoExcavador.list
 
13:14:38 **** Incremental Build of configuration Debug for project BrazoExcavador ****
make -j4 all 
arm-none-eabi-size  BrazoExcavador.elf 
   text	   data	    bss	    dec	    hex	filename
  20812	     12	   2036	  22860	   594c	BrazoExcavador.elf
Finished building: default.size.stdout
 
13:17:23 **** Incremental Build of configuration Debug for project BrazoExcavador ****
make -j4 all 
arm-none-eabi-size  BrazoExcavador.elf 
   text	   data	    bss	    dec	    hex	filename
  20812	     12	   2036	  22860	   594c	BrazoExcavador.elf
Finished building: default.size.stdout
 
13:40:26 **** Incremental Build of configuration Debug for project BrazoExcavador ****
make -j4 all 
arm-none-eabi-gcc "../Core/Src/main.c" -mcpu=cortex-m4 -std=gnu11 -g3 -DDEBUG -DUSE_HAL_DRIVER -DSTM32F407xx -c -I../Core/Inc -I../Drivers/STM32F4xx_HAL_Driver/Inc -I../Drivers/STM32F4xx_HAL_Driver/Inc/Legacy -I../Drivers/CMSIS/Device/ST/STM32F4xx/Include -I../Drivers/CMSIS/Include -O0 -ffunction-sections -fdata-sections -Wall -fstack-usage -fcyclomatic-complexity -MMD -MP -MF"Core/Src/main.d" -MT"Core/Src/main.o" --specs=nano.specs -mfpu=fpv4-sp-d16 -mfloat-abi=hard -mthumb -o "Core/Src/main.o"
arm-none-eabi-gcc -o "BrazoExcavador.elf" @"objects.list"   -mcpu=cortex-m4 -T"C:\Users\Julio\Documents\GitHub\ROBOTICA - Trabajo\BrazoExcavador\STM32F407VGTX_FLASH.ld" --specs=nosys.specs -Wl,-Map="BrazoExcavador.map" -Wl,--gc-sections -static --specs=nano.specs -mfpu=fpv4-sp-d16 -mfloat-abi=hard -mthumb -Wl,--start-group -lc -lm -Wl,--end-group
Finished building target: BrazoExcavador.elf
 
arm-none-eabi-size  BrazoExcavador.elf 
arm-none-eabi-objdump -h -S BrazoExcavador.elf  > "BrazoExcavador.list"
   text	   data	    bss	    dec	    hex	filename
  20824	     12	   2036	  22872	   5958	BrazoExcavador.elf
Finished building: default.size.stdout
 
Finished building: BrazoExcavador.list
 
13:44:05 **** Incremental Build of configuration Debug for project BrazoExcavador ****
make -j4 all 
arm-none-eabi-gcc "../Core/Src/main.c" -mcpu=cortex-m4 -std=gnu11 -g3 -DDEBUG -DUSE_HAL_DRIVER -DSTM32F407xx -c -I../Core/Inc -I../Drivers/STM32F4xx_HAL_Driver/Inc -I../Drivers/STM32F4xx_HAL_Driver/Inc/Legacy -I../Drivers/CMSIS/Device/ST/STM32F4xx/Include -I../Drivers/CMSIS/Include -O0 -ffunction-sections -fdata-sections -Wall -fstack-usage -fcyclomatic-complexity -MMD -MP -MF"Core/Src/main.d" -MT"Core/Src/main.o" --specs=nano.specs -mfpu=fpv4-sp-d16 -mfloat-abi=hard -mthumb -o "Core/Src/main.o"
arm-none-eabi-gcc -o "BrazoExcavador.elf" @"objects.list"   -mcpu=cortex-m4 -T"C:\Users\Julio\Documents\GitHub\ROBOTICA - Trabajo\BrazoExcavador\STM32F407VGTX_FLASH.ld" --specs=nosys.specs -Wl,-Map="BrazoExcavador.map" -Wl,--gc-sections -static --specs=nano.specs -mfpu=fpv4-sp-d16 -mfloat-abi=hard -mthumb -Wl,--start-group -lc -lm -Wl,--end-group
Finished building target: BrazoExcavador.elf
 
arm-none-eabi-size  BrazoExcavador.elf 
arm-none-eabi-objdump -h -S BrazoExcavador.elf  > "BrazoExcavador.list"
   text	   data	    bss	    dec	    hex	filename
  20844	     12	   2036	  22892	   596c	BrazoExcavador.elf
Finished building: default.size.stdout
 
Finished building: BrazoExcavador.list
 
13:46:11 **** Incremental Build of configuration Debug for project BrazoExcavador ****
make -j4 all 
arm-none-eabi-size  BrazoExcavador.elf 
   text	   data	    bss	    dec	    hex	filename
  20844	     12	   2036	  22892	   596c	BrazoExcavador.elf
Finished building: default.size.stdout
 
13:57:30 **** Incremental Build of configuration Debug for project BrazoExcavador ****
make -j4 all 
arm-none-eabi-gcc "../Core/Src/main.c" -mcpu=cortex-m4 -std=gnu11 -g3 -DDEBUG -DUSE_HAL_DRIVER -DSTM32F407xx -c -I../Core/Inc -I../Drivers/STM32F4xx_HAL_Driver/Inc -I../Drivers/STM32F4xx_HAL_Driver/Inc/Legacy -I../Drivers/CMSIS/Device/ST/STM32F4xx/Include -I../Drivers/CMSIS/Include -O0 -ffunction-sections -fdata-sections -Wall -fstack-usage -fcyclomatic-complexity -MMD -MP -MF"Core/Src/main.d" -MT"Core/Src/main.o" --specs=nano.specs -mfpu=fpv4-sp-d16 -mfloat-abi=hard -mthumb -o "Core/Src/main.o"
arm-none-eabi-gcc -o "BrazoExcavador.elf" @"objects.list"   -mcpu=cortex-m4 -T"C:\Users\Julio\Documents\GitHub\ROBOTICA - Trabajo\BrazoExcavador\STM32F407VGTX_FLASH.ld" --specs=nosys.specs -Wl,-Map="BrazoExcavador.map" -Wl,--gc-sections -static --specs=nano.specs -mfpu=fpv4-sp-d16 -mfloat-abi=hard -mthumb -Wl,--start-group -lc -lm -Wl,--end-group
Finished building target: BrazoExcavador.elf
 
arm-none-eabi-size  BrazoExcavador.elf 
arm-none-eabi-objdump -h -S BrazoExcavador.elf  > "BrazoExcavador.list"
   text	   data	    bss	    dec	    hex	filename
  20880	     12	   2036	  22928	   5990	BrazoExcavador.elf
Finished building: default.size.stdout
 
Finished building: BrazoExcavador.list
 
14:08:25 **** Incremental Build of configuration Debug for project BrazoExcavador ****
make -j4 all 
arm-none-eabi-gcc "../Core/Src/main.c" -mcpu=cortex-m4 -std=gnu11 -g3 -DDEBUG -DUSE_HAL_DRIVER -DSTM32F407xx -c -I../Core/Inc -I../Drivers/STM32F4xx_HAL_Driver/Inc -I../Drivers/STM32F4xx_HAL_Driver/Inc/Legacy -I../Drivers/CMSIS/Device/ST/STM32F4xx/Include -I../Drivers/CMSIS/Include -O0 -ffunction-sections -fdata-sections -Wall -fstack-usage -fcyclomatic-complexity -MMD -MP -MF"Core/Src/main.d" -MT"Core/Src/main.o" --specs=nano.specs -mfpu=fpv4-sp-d16 -mfloat-abi=hard -mthumb -o "Core/Src/main.o"
arm-none-eabi-gcc -o "BrazoExcavador.elf" @"objects.list"   -mcpu=cortex-m4 -T"C:\Users\Julio\Documents\GitHub\ROBOTICA - Trabajo\BrazoExcavador\STM32F407VGTX_FLASH.ld" --specs=nosys.specs -Wl,-Map="BrazoExcavador.map" -Wl,--gc-sections -static --specs=nano.specs -mfpu=fpv4-sp-d16 -mfloat-abi=hard -mthumb -Wl,--start-group -lc -lm -Wl,--end-group
Finished building target: BrazoExcavador.elf
 
arm-none-eabi-size  BrazoExcavador.elf 
arm-none-eabi-objdump -h -S BrazoExcavador.elf  > "BrazoExcavador.list"
   text	   data	    bss	    dec	    hex	filename
  20896	     12	   2044	  22952	   59a8	BrazoExcavador.elf
Finished building: default.size.stdout
 
Finished building: BrazoExcavador.list
 
14:09:13 **** Incremental Build of configuration Debug for project BrazoExcavador ****
make -j4 all 
arm-none-eabi-size  BrazoExcavador.elf 
   text	   data	    bss	    dec	    hex	filename
  20896	     12	   2044	  22952	   59a8	BrazoExcavador.elf
Finished building: default.size.stdout
 
